// Jest Snapshot v1, https://goo.gl/fbAQLP

exports[`Blog Component muestra el componente Blog con estilo CSS 1`] = `
<div>
  <div
    class="blog"
    style="padding-top: 10px; padding-left: 2px; border: solid; border-width: 1px; margin-bottom: 5px;"
  >
    <div>
      <div>
        <span>
          Ejemplo de Blog
        </span>
        <p>
          Autor del Blog
        </p>
      </div>
      <div>
        <div>
          <button>
            view
          </button>
        </div>
        <div
          style="display: none;"
        >
          <p>
            https://ejemplo.com
          </p>
          <p>
            Likes:
            10
          </p>
          <button>
            Like
          </button>
          <button>
            Cancel
          </button>
        </div>
      </div>
      <button>
        delete
      </button>
    </div>
  </div>
</div>
`;
